// Jest Snapshot v1, https://goo.gl/fbAQLP

exports[`src | components | Modal snapshot it should match snapshot 1`] = `ShallowWrapper {}`;
